../Core/Src/main.c:116:14:clamp_f32	24	static
../Core/Src/main.c:122:16:clamp_i16	16	static
../Core/Src/main.c:128:20:getModeName	4	static
../Core/Src/main.c:132:13:uartPrint	16	static
../Core/Src/main.c:136:13:uartPrintSensors	224	static
../Core/Src/main.c:147:13:tb6612_standby	16	static
../Core/Src/main.c:151:13:stopMotor	8	static
../Core/Src/main.c:162:16:percentToSignedPwm	24	static
../Core/Src/main.c:177:13:setLeftMotorPwmSigned	16	static
../Core/Src/main.c:194:13:setRightMotorPwmSigned	16	static
../Core/Src/main.c:211:13:setMotorPercent	16	static
../Core/Src/main.c:217:13:readSensors	24	static
../Core/Src/main.c:229:16:updateLinePosition	40	static
../Core/Src/main.c:257:13:searchLine	8	static
../Core/Src/main.c:266:13:lineControlTask	40	static
../Core/Src/main.c:308:5:main	16	static
../Core/Src/main.c:351:6:SystemClock_Config	88	static
../Core/Src/main.c:387:13:MX_TIM2_Init	40	static
../Core/Src/main.c:414:13:MX_TIM3_Init	40	static
../Core/Src/main.c:441:13:MX_USART2_UART_Init	16	static
../Core/Src/main.c:459:13:MX_GPIO_Init	40	static
../Core/Src/main.c:514:6:Error_Handler	4	static,ignoring_inline_asm
